﻿[dotenv@17.3.1] injecting env (9) from .env -- tip: ΓÜÖ∩╕Å  specify custom .env file path with { path: '/custom/path/.env' }
Testing with gemini-2.0-flash...
node.exe : Error with 
gemini-2.0-flash: 
[GoogleGenerativeAI Error]: 
Error fetching from https://g
enerativelanguage.googleapis.
com/v1beta/models/gemini-2.0-
flash:generateContent: [429 
Too Many Requests] You 
exceeded your current quota, 
please check your plan and 
billing details. For more 
information on this error, 
head to: https://ai.google.de
v/gemini-api/docs/rate-limits
. To monitor your current 
usage, head to: 
https://ai.dev/rate-limit. 
At C:\Program 
Files\nodejs\npx.ps1:29 
char:3
+   & $NODE_EXE $NPX_CLI_JS 
$args
+   
~~~~~~~~~~~~~~~~~~~~~~~~~~~~~
    + CategoryInfo           
   : NotSpecified: (Error w  
  ith gemi...ev/rate-limit   
 . :String) [], RemoteExc    
eption
    + FullyQualifiedErrorId  
   : NativeCommandError
 
* Quota exceeded for metric: 
generativelanguage.googleapis
.com/generate_content_free_ti
er_input_token_count, limit: 
0, model: gemini-2.0-flash
* Quota exceeded for metric: 
generativelanguage.googleapis
.com/generate_content_free_ti
er_requests, limit: 0, 
model: gemini-2.0-flash
* Quota exceeded for metric: 
generativelanguage.googleapis
.com/generate_content_free_ti
er_requests, limit: 0, 
model: gemini-2.0-flash
Please retry in 
13.503918807s. [{"@type":"typ
e.googleapis.com/google.rpc.H
elp","links":[{"description":
"Learn more about Gemini API 
quotas","url":"https://ai.goo
gle.dev/gemini-api/docs/rate-
limits"}]},{"@type":"type.goo
gleapis.com/google.rpc.QuotaF
ailure","violations":[{"quota
Metric":"generativelanguage.g
oogleapis.com/generate_conten
t_free_tier_input_token_count
","quotaId":"GenerateContentI
nputTokensPerModelPerMinute-F
reeTier","quotaDimensions":{"
location":"global","model":"g
emini-2.0-flash"}},{"quotaMet
ric":"generativelanguage.goog
leapis.com/generate_content_f
ree_tier_requests","quotaId":
"GenerateRequestsPerMinutePer
ProjectPerModel-FreeTier","qu
otaDimensions":{"model":"gemi
ni-2.0-flash","location":"glo
bal"}},{"quotaMetric":"genera
tivelanguage.googleapis.com/g
enerate_content_free_tier_req
uests","quotaId":"GenerateReq
uestsPerDayPerProjectPerModel
-FreeTier","quotaDimensions":
{"location":"global","model":
"gemini-2.0-flash"}}]},{"@typ
e":"type.googleapis.com/googl
e.rpc.RetryInfo","retryDelay"
:"13s"}]
Testing with gemini-1.5-flash...
Error with gemini-1.5-flash: 
[GoogleGenerativeAI Error]: 
Error fetching from https://g
enerativelanguage.googleapis.
com/v1beta/models/gemini-1.5-
flash:generateContent: [404 
Not Found] 
models/gemini-1.5-flash is 
not found for API version 
v1beta, or is not supported 
for generateContent. Call 
ListModels to see the list 
of available models and 
their supported methods.
