[dotenv@17.3.1] injecting env (8) from .env -- tip: ≡ƒ¢á∩╕Å  run anywhere with `dotenvx run -- yourcommand`
[dotenv@17.3.1] injecting env (0) from .env -- tip: ΓÜÖ∩╕Å  load multiple .env files with { path: ['.env.local', '.env'] }
[dotenv@17.3.1] injecting env (0) from .env -- tip: ≡ƒ¢í∩╕Å auth for agents: https://vestauth.com
≡ƒöì Checking Connectivity...
Γ£à Supabase: Connected!
node.exe : Γ¥î OpenAI: Failed to connect 429 You exceeded your current 
quota, please check your plan and billing details. For more information on 
this error, read the docs: 
https://platform.openai.com/docs/guides/error-codes/api-errors.
At C:\Program Files\nodejs\npx.ps1:29 char:3
+   & $NODE_EXE $NPX_CLI_JS $args
+   ~~~~~~~~~~~~~~~~~~~~~~~~~~~~~
    + CategoryInfo          : NotSpecified: (Γ¥î OpenAI: Fai...des/api-error 
   s.:String) [], RemoteException
    + FullyQualifiedErrorId : NativeCommandError
 
